Archive member included because of file (symbol)

d:/winavr-20100110/bin/../lib/gcc/avr/4.3.3/avr5\libgcc.a(_udivmodsi4.o)
                              uart.o (__udivmodsi4)
d:/winavr-20100110/bin/../lib/gcc/avr/4.3.3/avr5\libgcc.a(_exit.o)
                              d:/winavr-20100110/bin/../lib/gcc/avr/4.3.3/../../../../avr/lib/avr5/crtm16.o (exit)
d:/winavr-20100110/bin/../lib/gcc/avr/4.3.3/avr5\libgcc.a(_copy_data.o)
                              pid.o (__do_copy_data)
d:/winavr-20100110/bin/../lib/gcc/avr/4.3.3/avr5\libgcc.a(_clear_bss.o)
                              encoder.o (__do_clear_bss)

Memory Configuration

Name             Origin             Length             Attributes
text             0x00000000         0x00020000         xr
data             0x00800060         0x0000ffa0         rw !x
eeprom           0x00810000         0x00010000         rw !x
fuse             0x00820000         0x00000400         rw !x
lock             0x00830000         0x00000400         rw !x
signature        0x00840000         0x00000400         rw !x
*default*        0x00000000         0xffffffff

Linker script and memory map

LOAD d:/winavr-20100110/bin/../lib/gcc/avr/4.3.3/../../../../avr/lib/avr5/crtm16.o
LOAD bihuan3.o
LOAD encoder.o
LOAD io.o
LOAD pid.o
LOAD pwm.o
LOAD timer0.o
LOAD uart.o
LOAD watchdog.o
LOAD userinterface.o
LOAD spi.o
LOAD Timer2.o
LOAD d:/winavr-20100110/bin/../lib/gcc/avr/4.3.3/avr5\libgcc.a
LOAD d:/winavr-20100110/bin/../lib/gcc/avr/4.3.3/../../../../avr/lib/avr5\libc.a
LOAD d:/winavr-20100110/bin/../lib/gcc/avr/4.3.3/avr5\libgcc.a

.hash
 *(.hash)

.dynsym
 *(.dynsym)

.dynstr
 *(.dynstr)

.gnu.version
 *(.gnu.version)

.gnu.version_d
 *(.gnu.version_d)

.gnu.version_r
 *(.gnu.version_r)

.rel.init
 *(.rel.init)

.rela.init
 *(.rela.init)

.rel.text
 *(.rel.text)
 *(.rel.text.*)
 *(.rel.gnu.linkonce.t*)

.rela.text
 *(.rela.text)
 *(.rela.text.*)
 *(.rela.gnu.linkonce.t*)

.rel.fini
 *(.rel.fini)

.rela.fini
 *(.rela.fini)

.rel.rodata
 *(.rel.rodata)
 *(.rel.rodata.*)
 *(.rel.gnu.linkonce.r*)

.rela.rodata
 *(.rela.rodata)
 *(.rela.rodata.*)
 *(.rela.gnu.linkonce.r*)

.rel.data
 *(.rel.data)
 *(.rel.data.*)
 *(.rel.gnu.linkonce.d*)

.rela.data
 *(.rela.data)
 *(.rela.data.*)
 *(.rela.gnu.linkonce.d*)

.rel.ctors
 *(.rel.ctors)

.rela.ctors
 *(.rela.ctors)

.rel.dtors
 *(.rel.dtors)

.rela.dtors
 *(.rela.dtors)

.rel.got
 *(.rel.got)

.rela.got
 *(.rela.got)

.rel.bss
 *(.rel.bss)

.rela.bss
 *(.rela.bss)

.rel.plt
 *(.rel.plt)

.rela.plt
 *(.rela.plt)

.text           0x00000000      0xfb8
 *(.vectors)
 .vectors       0x00000000       0x54 d:/winavr-20100110/bin/../lib/gcc/avr/4.3.3/../../../../avr/lib/avr5/crtm16.o
                0x00000000                __vectors
                0x00000000                __vector_default
 *(.vectors)
 *(.progmem.gcc*)
 *(.progmem*)
                0x00000054                . = ALIGN (0x2)
                0x00000054                __trampolines_start = .
 *(.trampolines)
 .trampolines   0x00000054        0x0 linker stubs
 *(.trampolines*)
                0x00000054                __trampolines_end = .
 *(.jumptables)
 *(.jumptables*)
 *(.lowtext)
 *(.lowtext*)
                0x00000054                __ctors_start = .
 *(.ctors)
                0x00000054                __ctors_end = .
                0x00000054                __dtors_start = .
 *(.dtors)
                0x00000054                __dtors_end = .
 SORT(*)(.ctors)
 SORT(*)(.dtors)
 *(.init0)
 .init0         0x00000054        0x0 d:/winavr-20100110/bin/../lib/gcc/avr/4.3.3/../../../../avr/lib/avr5/crtm16.o
                0x00000054                __init
 *(.init0)
 *(.init1)
 *(.init1)
 *(.init2)
 .init2         0x00000054        0xc d:/winavr-20100110/bin/../lib/gcc/avr/4.3.3/../../../../avr/lib/avr5/crtm16.o
 *(.init2)
 *(.init3)
 *(.init3)
 *(.init4)
 .init4         0x00000060       0x16 d:/winavr-20100110/bin/../lib/gcc/avr/4.3.3/avr5\libgcc.a(_copy_data.o)
                0x00000060                __do_copy_data
 .init4         0x00000076       0x10 d:/winavr-20100110/bin/../lib/gcc/avr/4.3.3/avr5\libgcc.a(_clear_bss.o)
                0x00000076                __do_clear_bss
 *(.init4)
 *(.init5)
 *(.init5)
 *(.init6)
 *(.init6)
 *(.init7)
 *(.init7)
 *(.init8)
 *(.init8)
 *(.init9)
 .init9         0x00000086        0x8 d:/winavr-20100110/bin/../lib/gcc/avr/4.3.3/../../../../avr/lib/avr5/crtm16.o
 *(.init9)
 *(.text)
 .text          0x0000008e        0x4 d:/winavr-20100110/bin/../lib/gcc/avr/4.3.3/../../../../avr/lib/avr5/crtm16.o
                0x0000008e                __vector_12
                0x0000008e                __bad_interrupt
                0x0000008e                __vector_6
                0x0000008e                __vector_3
                0x0000008e                __vector_13
                0x0000008e                __vector_17
                0x0000008e                __vector_19
                0x0000008e                __vector_7
                0x0000008e                __vector_5
                0x0000008e                __vector_2
                0x0000008e                __vector_15
                0x0000008e                __vector_8
                0x0000008e                __vector_14
                0x0000008e                __vector_16
                0x0000008e                __vector_18
                0x0000008e                __vector_20
 .text          0x00000092       0x26 bihuan3.o
                0x00000092                main
 .text          0x000000b8       0xc6 encoder.o
                0x000000ea                __vector_1
                0x00000168                SpeedCal
                0x00000152                StateClear
                0x000000b8                Encoder_Init
 .text          0x0000017e       0x38 io.o
                0x0000017e                IO_Init
 .text          0x000001b6      0x25a pid.o
                0x00000240                Set_Speed
                0x000001b6                PID_Init
                0x00000264                PIDSpeed
 .text          0x00000410       0xf0 pwm.o
                0x00000410                PWM_Init
                0x0000046c                Set_PWM
 .text          0x00000500      0x13c timer0.o
                0x00000540                __vector_9
                0x00000500                Timer0_Init
 .text          0x0000063c      0x11c uart.o
                0x0000063c                UART_Init
                0x000006f6                __vector_11
                0x000006c8                UART_Transmit
 .text          0x00000758       0x30 watchdog.o
                0x00000778                Watchdog_Clear
                0x00000758                Watchdog_Init
 .text          0x00000788       0xe6 userinterface.o
                0x0000082c                DataSend
                0x00000788                Write_Data
 .text          0x0000086e      0x670 spi.o
                0x00000ea6                State8
                0x00000e8a                State7
                0x00000d52                State4
                0x00000da6                State6
                0x00000cee                State3
                0x000009cc                Test9
                0x000009e8                State1
                0x00000d8a                State5
                0x00000ec2                HitError
                0x00000ba6                State2
                0x000008b4                __vector_10
                0x0000086e                SPI_SlaveInit
 .text          0x00000ede       0x92 Timer2.o
                0x00000ede                Timer2_Start
                0x00000f16                __vector_4
 .text          0x00000f70        0x0 d:/winavr-20100110/bin/../lib/gcc/avr/4.3.3/avr5\libgcc.a(_udivmodsi4.o)
 .text          0x00000f70        0x0 d:/winavr-20100110/bin/../lib/gcc/avr/4.3.3/avr5\libgcc.a(_exit.o)
 .text          0x00000f70        0x0 d:/winavr-20100110/bin/../lib/gcc/avr/4.3.3/avr5\libgcc.a(_copy_data.o)
 .text          0x00000f70        0x0 d:/winavr-20100110/bin/../lib/gcc/avr/4.3.3/avr5\libgcc.a(_clear_bss.o)
                0x00000f70                . = ALIGN (0x2)
 *(.text.*)
 .text.libgcc   0x00000f70       0x44 d:/winavr-20100110/bin/../lib/gcc/avr/4.3.3/avr5\libgcc.a(_udivmodsi4.o)
                0x00000f70                __udivmodsi4
 .text.libgcc   0x00000fb4        0x0 d:/winavr-20100110/bin/../lib/gcc/avr/4.3.3/avr5\libgcc.a(_exit.o)
 .text.libgcc   0x00000fb4        0x0 d:/winavr-20100110/bin/../lib/gcc/avr/4.3.3/avr5\libgcc.a(_copy_data.o)
 .text.libgcc   0x00000fb4        0x0 d:/winavr-20100110/bin/../lib/gcc/avr/4.3.3/avr5\libgcc.a(_clear_bss.o)
                0x00000fb4                . = ALIGN (0x2)
 *(.fini9)
 .fini9         0x00000fb4        0x0 d:/winavr-20100110/bin/../lib/gcc/avr/4.3.3/avr5\libgcc.a(_exit.o)
                0x00000fb4                exit
                0x00000fb4                _exit
 *(.fini9)
 *(.fini8)
 *(.fini8)
 *(.fini7)
 *(.fini7)
 *(.fini6)
 *(.fini6)
 *(.fini5)
 *(.fini5)
 *(.fini4)
 *(.fini4)
 *(.fini3)
 *(.fini3)
 *(.fini2)
 *(.fini2)
 *(.fini1)
 *(.fini1)
 *(.fini0)
 .fini0         0x00000fb4        0x4 d:/winavr-20100110/bin/../lib/gcc/avr/4.3.3/avr5\libgcc.a(_exit.o)
 *(.fini0)
                0x00000fb8                _etext = .

.data           0x00800060       0x18 load address 0x00000fb8
                0x00800060                PROVIDE (__data_start, .)
 *(.data)
 .data          0x00800060        0x0 d:/winavr-20100110/bin/../lib/gcc/avr/4.3.3/../../../../avr/lib/avr5/crtm16.o
 .data          0x00800060        0x0 bihuan3.o
 .data          0x00800060        0x0 encoder.o
 .data          0x00800060        0x0 io.o
 .data          0x00800060        0x4 pid.o
                0x00800060                ErrorSpeedLimit0
                0x00800062                ErrorSpeedLimit1
 .data          0x00800064        0x0 pwm.o
 .data          0x00800064        0x0 timer0.o
 .data          0x00800064        0x0 uart.o
 .data          0x00800064        0x0 watchdog.o
 .data          0x00800064        0x0 userinterface.o
 .data          0x00800064       0x13 spi.o
                0x00800075                WriteLimit
                0x00800065                frame_num
                0x00800064                nextstate
 .data          0x00800077        0x0 Timer2.o
 .data          0x00800077        0x0 d:/winavr-20100110/bin/../lib/gcc/avr/4.3.3/avr5\libgcc.a(_udivmodsi4.o)
 .data          0x00800077        0x0 d:/winavr-20100110/bin/../lib/gcc/avr/4.3.3/avr5\libgcc.a(_exit.o)
 .data          0x00800077        0x0 d:/winavr-20100110/bin/../lib/gcc/avr/4.3.3/avr5\libgcc.a(_copy_data.o)
 .data          0x00800077        0x0 d:/winavr-20100110/bin/../lib/gcc/avr/4.3.3/avr5\libgcc.a(_clear_bss.o)
 *(.data*)
 *(.rodata)
 *(.rodata*)
 *(.gnu.linkonce.d*)
                0x00800078                . = ALIGN (0x2)
 *fill*         0x00800077        0x1 00
                0x00800078                _edata = .
                0x00800078                PROVIDE (__data_end, .)

.bss            0x00800078       0x3a
                0x00800078                PROVIDE (__bss_start, .)
 *(.bss)
 .bss           0x00800078        0x0 d:/winavr-20100110/bin/../lib/gcc/avr/4.3.3/../../../../avr/lib/avr5/crtm16.o
 .bss           0x00800078        0x0 bihuan3.o
 .bss           0x00800078        0x2 encoder.o
                0x00800078                pulse
 .bss           0x0080007a        0x0 io.o
 .bss           0x0080007a       0x18 pid.o
                0x00800082                SpeedSet
                0x00800080                KdSpeed
                0x0080007e                KiSpeedSet
                0x0080007a                KpSpeed
                0x00800088                DeltaErrorSpeed
                0x00800084                ErrorSpeed
                0x0080008c                DeltaControlSpeed
                0x0080008e                ControlSpeed
                0x0080007c                KiSpeed
 .bss           0x00800092        0x0 pwm.o
 .bss           0x00800092        0xa timer0.o
                0x00800096                Abs_Speed
                0x00800092                count
                0x00800094                Speed_Now
                0x00800098                Controldata
 .bss           0x0080009c        0x0 uart.o
 .bss           0x0080009c        0x0 watchdog.o
 .bss           0x0080009c        0x5 userinterface.o
                0x0080009f                speedset
                0x0080009e                rotatedir
                0x0080009c                data
 .bss           0x008000a1       0x11 spi.o
                0x008000b0                righttrans
                0x008000af                mframenum
                0x008000ae                nframenum
                0x008000b1                tempsend
                0x008000a4                registernum
                0x008000a5                data_need
                0x008000a3                vertifybit
                0x008000a1                receive_data
                0x008000a2                datadirect
                0x008000ad                framenum
                0x008000a9                data_send
 .bss           0x008000b2        0x0 Timer2.o
 .bss           0x008000b2        0x0 d:/winavr-20100110/bin/../lib/gcc/avr/4.3.3/avr5\libgcc.a(_udivmodsi4.o)
 .bss           0x008000b2        0x0 d:/winavr-20100110/bin/../lib/gcc/avr/4.3.3/avr5\libgcc.a(_exit.o)
 .bss           0x008000b2        0x0 d:/winavr-20100110/bin/../lib/gcc/avr/4.3.3/avr5\libgcc.a(_copy_data.o)
 .bss           0x008000b2        0x0 d:/winavr-20100110/bin/../lib/gcc/avr/4.3.3/avr5\libgcc.a(_clear_bss.o)
 *(.bss*)
 *(COMMON)
                0x008000b2                PROVIDE (__bss_end, .)
                0x00000fb8                __data_load_start = LOADADDR (.data)
                0x00000fd0                __data_load_end = (__data_load_start + SIZEOF (.data))

.noinit         0x008000b2        0x0
                0x008000b2                PROVIDE (__noinit_start, .)
 *(.noinit*)
                0x008000b2                PROVIDE (__noinit_end, .)
                0x008000b2                _end = .
                0x008000b2                PROVIDE (__heap_start, .)

.eeprom         0x00810000        0x0
 *(.eeprom*)
                0x00810000                __eeprom_end = .

.fuse
 *(.fuse)
 *(.lfuse)
 *(.hfuse)
 *(.efuse)

.lock
 *(.lock*)

.signature
 *(.signature*)

.stab
 *(.stab)

.stabstr
 *(.stabstr)

.stab.excl
 *(.stab.excl)

.stab.exclstr
 *(.stab.exclstr)

.stab.index
 *(.stab.index)

.stab.indexstr
 *(.stab.indexstr)

.comment
 *(.comment)

.debug
 *(.debug)

.line
 *(.line)

.debug_srcinfo
 *(.debug_srcinfo)

.debug_sfnames
 *(.debug_sfnames)

.debug_aranges  0x00000000      0x160
 *(.debug_aranges)
 .debug_aranges
                0x00000000       0x20 bihuan3.o
 .debug_aranges
                0x00000020       0x20 encoder.o
 .debug_aranges
                0x00000040       0x20 io.o
 .debug_aranges
                0x00000060       0x20 pid.o
 .debug_aranges
                0x00000080       0x20 pwm.o
 .debug_aranges
                0x000000a0       0x20 timer0.o
 .debug_aranges
                0x000000c0       0x20 uart.o
 .debug_aranges
                0x000000e0       0x20 watchdog.o
 .debug_aranges
                0x00000100       0x20 userinterface.o
 .debug_aranges
                0x00000120       0x20 spi.o
 .debug_aranges
                0x00000140       0x20 Timer2.o

.debug_pubnames
                0x00000000      0x47c
 *(.debug_pubnames)
 .debug_pubnames
                0x00000000       0x1b bihuan3.o
 .debug_pubnames
                0x0000001b       0x58 encoder.o
 .debug_pubnames
                0x00000073       0x1e io.o
 .debug_pubnames
                0x00000091       0xee pid.o
 .debug_pubnames
                0x0000017f       0x2b pwm.o
 .debug_pubnames
                0x000001aa       0x67 timer0.o
 .debug_pubnames
                0x00000211       0x42 uart.o
 .debug_pubnames
                0x00000253       0x37 watchdog.o
 .debug_pubnames
                0x0000028a       0x52 userinterface.o
 .debug_pubnames
                0x000002dc      0x16e spi.o
 .debug_pubnames
                0x0000044a       0x32 Timer2.o

.debug_info     0x00000000      0xa0e
 *(.debug_info)
 .debug_info    0x00000000       0x75 bihuan3.o
 .debug_info    0x00000075       0xc1 encoder.o
 .debug_info    0x00000136       0x71 io.o
 .debug_info    0x000001a7      0x19c pid.o
 .debug_info    0x00000343       0xa2 pwm.o
 .debug_info    0x000003e5       0xcd timer0.o
 .debug_info    0x000004b2       0xeb uart.o
 .debug_info    0x0000059d       0x84 watchdog.o
 .debug_info    0x00000621      0x102 userinterface.o
 .debug_info    0x00000723      0x266 spi.o
 .debug_info    0x00000989       0x85 Timer2.o
 *(.gnu.linkonce.wi.*)

.debug_abbrev   0x00000000      0x480
 *(.debug_abbrev)
 .debug_abbrev  0x00000000       0x3f bihuan3.o
 .debug_abbrev  0x0000003f       0x78 encoder.o
 .debug_abbrev  0x000000b7       0x3d io.o
 .debug_abbrev  0x000000f4       0xa8 pid.o
 .debug_abbrev  0x0000019c       0x70 pwm.o
 .debug_abbrev  0x0000020c       0x63 timer0.o
 .debug_abbrev  0x0000026f       0x74 uart.o
 .debug_abbrev  0x000002e3       0x3d watchdog.o
 .debug_abbrev  0x00000320       0x89 userinterface.o
 .debug_abbrev  0x000003a9       0x85 spi.o
 .debug_abbrev  0x0000042e       0x52 Timer2.o

.debug_line     0x00000000      0xb03
 *(.debug_line)
 .debug_line    0x00000000       0x6e bihuan3.o
 .debug_line    0x0000006e       0xce encoder.o
 .debug_line    0x0000013c       0x71 io.o
 .debug_line    0x000001ad      0x112 pid.o
 .debug_line    0x000002bf       0xd2 pwm.o
 .debug_line    0x00000391       0xfd timer0.o
 .debug_line    0x0000048e       0xbb uart.o
 .debug_line    0x00000549       0x7f watchdog.o
 .debug_line    0x000005c8       0xb4 userinterface.o
 .debug_line    0x0000067c      0x3ea spi.o
 .debug_line    0x00000a66       0x9d Timer2.o

.debug_frame    0x00000000      0x2d0
 *(.debug_frame)
 .debug_frame   0x00000000       0x20 bihuan3.o
 .debug_frame   0x00000020       0x50 encoder.o
 .debug_frame   0x00000070       0x20 io.o
 .debug_frame   0x00000090       0x40 pid.o
 .debug_frame   0x000000d0       0x30 pwm.o
 .debug_frame   0x00000100       0x30 timer0.o
 .debug_frame   0x00000130       0x40 uart.o
 .debug_frame   0x00000170       0x30 watchdog.o
 .debug_frame   0x000001a0       0x30 userinterface.o
 .debug_frame   0x000001d0       0xd0 spi.o
 .debug_frame   0x000002a0       0x30 Timer2.o

.debug_str      0x00000000      0x396
 *(.debug_str)
 .debug_str     0x00000000       0x6c bihuan3.o
                                 0xa0 (size before relaxing)
 .debug_str     0x0000006c       0x3f encoder.o
                                 0xcd (size before relaxing)
 .debug_str     0x000000ab       0x10 io.o
                                 0x9e (size before relaxing)
 .debug_str     0x000000bb       0x9b pid.o
                                0x14a (size before relaxing)
 .debug_str     0x00000156       0x26 pwm.o
                                 0xb4 (size before relaxing)
 .debug_str     0x0000017c       0x49 timer0.o
                                 0xd7 (size before relaxing)
 .debug_str     0x000001c5       0x4f uart.o
                                 0xdd (size before relaxing)
 .debug_str     0x00000214       0x2b watchdog.o
                                 0xb9 (size before relaxing)
 .debug_str     0x0000023f       0x55 userinterface.o
                                 0xe8 (size before relaxing)
 .debug_str     0x00000294       0xde spi.o
                                0x18b (size before relaxing)
 .debug_str     0x00000372       0x24 Timer2.o
                                 0xb2 (size before relaxing)

.debug_loc
 *(.debug_loc)

.debug_macinfo
 *(.debug_macinfo)
OUTPUT(bihuan3.elf elf32-avr)
LOAD linker stubs
