Archive member included because of file (symbol)

d:/winavr-20100110/bin/../lib/gcc/avr/4.3.3/avr5\libgcc.a(_exit.o)
                              d:/winavr-20100110/bin/../lib/gcc/avr/4.3.3/../../../../avr/lib/avr5/crtm16.o (exit)
d:/winavr-20100110/bin/../lib/gcc/avr/4.3.3/avr5\libgcc.a(_copy_data.o)
                              linesen.o (__do_copy_data)
d:/winavr-20100110/bin/../lib/gcc/avr/4.3.3/avr5\libgcc.a(_clear_bss.o)
                              linesen.o (__do_clear_bss)
d:/winavr-20100110/bin/../lib/gcc/avr/4.3.3/../../../../avr/lib/avr5\libc.a(eerd_byte_atmega16.o)
                              linesen.o (__eerd_byte_m16)
d:/winavr-20100110/bin/../lib/gcc/avr/4.3.3/../../../../avr/lib/avr5\libc.a(eewr_byte_atmega16.o)
                              linesen.o (__eewr_byte_m16)

Allocating common symbols
Common symbol       size              file

ADC_RESULT          0x2               linesen.o
AD_TEMP             0x120             linesen.o
times_in_adjust     0x1               linesen.o
temp                0x1               spi.o
light               0x10              linesen.o
Threshold_L         0x10              linesen.o
Threshold_H         0x10              linesen.o
locate              0x1               linesen.o

Memory Configuration

Name             Origin             Length             Attributes
text             0x00000000         0x00020000         xr
data             0x00800060         0x0000ffa0         rw !x
eeprom           0x00810000         0x00010000         rw !x
fuse             0x00820000         0x00000400         rw !x
lock             0x00830000         0x00000400         rw !x
signature        0x00840000         0x00000400         rw !x
*default*        0x00000000         0xffffffff

Linker script and memory map

LOAD d:/winavr-20100110/bin/../lib/gcc/avr/4.3.3/../../../../avr/lib/avr5/crtm16.o
LOAD linesen.o
LOAD userinterface.o
LOAD spi.o
LOAD Timer2.o
LOAD d:/winavr-20100110/bin/../lib/gcc/avr/4.3.3/avr5\libgcc.a
LOAD d:/winavr-20100110/bin/../lib/gcc/avr/4.3.3/../../../../avr/lib/avr5\libc.a
LOAD d:/winavr-20100110/bin/../lib/gcc/avr/4.3.3/avr5\libgcc.a

.hash
 *(.hash)

.dynsym
 *(.dynsym)

.dynstr
 *(.dynstr)

.gnu.version
 *(.gnu.version)

.gnu.version_d
 *(.gnu.version_d)

.gnu.version_r
 *(.gnu.version_r)

.rel.init
 *(.rel.init)

.rela.init
 *(.rela.init)

.rel.text
 *(.rel.text)
 *(.rel.text.*)
 *(.rel.gnu.linkonce.t*)

.rela.text
 *(.rela.text)
 *(.rela.text.*)
 *(.rela.gnu.linkonce.t*)

.rel.fini
 *(.rel.fini)

.rela.fini
 *(.rela.fini)

.rel.rodata
 *(.rel.rodata)
 *(.rel.rodata.*)
 *(.rel.gnu.linkonce.r*)

.rela.rodata
 *(.rela.rodata)
 *(.rela.rodata.*)
 *(.rela.gnu.linkonce.r*)

.rel.data
 *(.rel.data)
 *(.rel.data.*)
 *(.rel.gnu.linkonce.d*)

.rela.data
 *(.rela.data)
 *(.rela.data.*)
 *(.rela.gnu.linkonce.d*)

.rel.ctors
 *(.rel.ctors)

.rela.ctors
 *(.rela.ctors)

.rel.dtors
 *(.rel.dtors)

.rela.dtors
 *(.rela.dtors)

.rel.got
 *(.rel.got)

.rela.got
 *(.rela.got)

.rel.bss
 *(.rel.bss)

.rela.bss
 *(.rela.bss)

.rel.plt
 *(.rel.plt)

.rela.plt
 *(.rela.plt)

.text           0x00000000      0xe00
 *(.vectors)
 .vectors       0x00000000       0x54 d:/winavr-20100110/bin/../lib/gcc/avr/4.3.3/../../../../avr/lib/avr5/crtm16.o
                0x00000000                __vectors
                0x00000000                __vector_default
 *(.vectors)
 *(.progmem.gcc*)
 *(.progmem*)
                0x00000054                . = ALIGN (0x2)
                0x00000054                __trampolines_start = .
 *(.trampolines)
 .trampolines   0x00000054        0x0 linker stubs
 *(.trampolines*)
                0x00000054                __trampolines_end = .
 *(.jumptables)
 *(.jumptables*)
 *(.lowtext)
 *(.lowtext*)
                0x00000054                __ctors_start = .
 *(.ctors)
                0x00000054                __ctors_end = .
                0x00000054                __dtors_start = .
 *(.dtors)
                0x00000054                __dtors_end = .
 SORT(*)(.ctors)
 SORT(*)(.dtors)
 *(.init0)
 .init0         0x00000054        0x0 d:/winavr-20100110/bin/../lib/gcc/avr/4.3.3/../../../../avr/lib/avr5/crtm16.o
                0x00000054                __init
 *(.init0)
 *(.init1)
 *(.init1)
 *(.init2)
 .init2         0x00000054        0xc d:/winavr-20100110/bin/../lib/gcc/avr/4.3.3/../../../../avr/lib/avr5/crtm16.o
 *(.init2)
 *(.init3)
 *(.init3)
 *(.init4)
 .init4         0x00000060       0x16 d:/winavr-20100110/bin/../lib/gcc/avr/4.3.3/avr5\libgcc.a(_copy_data.o)
                0x00000060                __do_copy_data
 .init4         0x00000076       0x10 d:/winavr-20100110/bin/../lib/gcc/avr/4.3.3/avr5\libgcc.a(_clear_bss.o)
                0x00000076                __do_clear_bss
 *(.init4)
 *(.init5)
 *(.init5)
 *(.init6)
 *(.init6)
 *(.init7)
 *(.init7)
 *(.init8)
 *(.init8)
 *(.init9)
 .init9         0x00000086        0x8 d:/winavr-20100110/bin/../lib/gcc/avr/4.3.3/../../../../avr/lib/avr5/crtm16.o
 *(.init9)
 *(.text)
 .text          0x0000008e        0x4 d:/winavr-20100110/bin/../lib/gcc/avr/4.3.3/../../../../avr/lib/avr5/crtm16.o
                0x0000008e                __vector_1
                0x0000008e                __vector_12
                0x0000008e                __bad_interrupt
                0x0000008e                __vector_6
                0x0000008e                __vector_3
                0x0000008e                __vector_11
                0x0000008e                __vector_13
                0x0000008e                __vector_17
                0x0000008e                __vector_7
                0x0000008e                __vector_5
                0x0000008e                __vector_9
                0x0000008e                __vector_2
                0x0000008e                __vector_15
                0x0000008e                __vector_8
                0x0000008e                __vector_14
                0x0000008e                __vector_16
                0x0000008e                __vector_18
                0x0000008e                __vector_20
 .text          0x00000092      0x7d2 linesen.o
                0x000001ac                ADC_H
                0x00000226                __vector_19
                0x000000d6                LightLED
                0x0000046a                INIT_AD_STATISTIC
                0x000007f0                main
                0x00000224                OutputData
                0x00000092                ShiftReg
                0x000004f2                ADC_L
 .text          0x00000864       0x74 userinterface.o
                0x0000088c                DataSend
                0x00000864                Write_Data
 .text          0x000008d8      0x494 spi.o
                0x00000b2a                State8
                0x00000b1e                State7
                0x00000b42                State4
                0x00000a7e                State6
                0x00000a32                State3
                0x00000902                Test9
                0x00000b66                State1
                0x00000a72                State5
                0x00000b36                HitError
                0x0000090e                State2
                0x00000cb8                __vector_10
                0x000008d8                SPI_SlaveInit
 .text          0x00000d6c       0x66 Timer2.o
                0x00000d6c                Timer2_Start
                0x00000d88                __vector_4
 .text          0x00000dd2        0x0 d:/winavr-20100110/bin/../lib/gcc/avr/4.3.3/avr5\libgcc.a(_exit.o)
 .text          0x00000dd2        0x0 d:/winavr-20100110/bin/../lib/gcc/avr/4.3.3/avr5\libgcc.a(_copy_data.o)
 .text          0x00000dd2        0x0 d:/winavr-20100110/bin/../lib/gcc/avr/4.3.3/avr5\libgcc.a(_clear_bss.o)
 .text          0x00000dd2        0x0 d:/winavr-20100110/bin/../lib/gcc/avr/4.3.3/../../../../avr/lib/avr5\libc.a(eerd_byte_atmega16.o)
 .text          0x00000dd2        0x0 d:/winavr-20100110/bin/../lib/gcc/avr/4.3.3/../../../../avr/lib/avr5\libc.a(eewr_byte_atmega16.o)
                0x00000dd2                . = ALIGN (0x2)
 *(.text.*)
 .text.libgcc   0x00000dd2        0x0 d:/winavr-20100110/bin/../lib/gcc/avr/4.3.3/avr5\libgcc.a(_exit.o)
 .text.libgcc   0x00000dd2        0x0 d:/winavr-20100110/bin/../lib/gcc/avr/4.3.3/avr5\libgcc.a(_copy_data.o)
 .text.libgcc   0x00000dd2        0x0 d:/winavr-20100110/bin/../lib/gcc/avr/4.3.3/avr5\libgcc.a(_clear_bss.o)
 .text.avr-libc
                0x00000dd2       0x10 d:/winavr-20100110/bin/../lib/gcc/avr/4.3.3/../../../../avr/lib/avr5\libc.a(eerd_byte_atmega16.o)
                0x00000dd2                __eerd_byte_m16
 .text.avr-libc
                0x00000de2       0x1a d:/winavr-20100110/bin/../lib/gcc/avr/4.3.3/../../../../avr/lib/avr5\libc.a(eewr_byte_atmega16.o)
                0x00000de4                __eewr_r18_m16
                0x00000de2                __eewr_byte_m16
                0x00000dfc                . = ALIGN (0x2)
 *(.fini9)
 .fini9         0x00000dfc        0x0 d:/winavr-20100110/bin/../lib/gcc/avr/4.3.3/avr5\libgcc.a(_exit.o)
                0x00000dfc                exit
                0x00000dfc                _exit
 *(.fini9)
 *(.fini8)
 *(.fini8)
 *(.fini7)
 *(.fini7)
 *(.fini6)
 *(.fini6)
 *(.fini5)
 *(.fini5)
 *(.fini4)
 *(.fini4)
 *(.fini3)
 *(.fini3)
 *(.fini2)
 *(.fini2)
 *(.fini1)
 *(.fini1)
 *(.fini0)
 .fini0         0x00000dfc        0x4 d:/winavr-20100110/bin/../lib/gcc/avr/4.3.3/avr5\libgcc.a(_exit.o)
 *(.fini0)
                0x00000e00                _etext = .

.data           0x00800060       0x14 load address 0x00000e00
                0x00800060                PROVIDE (__data_start, .)
 *(.data)
 .data          0x00800060        0x0 d:/winavr-20100110/bin/../lib/gcc/avr/4.3.3/../../../../avr/lib/avr5/crtm16.o
 .data          0x00800060        0x1 linesen.o
                0x00800060                running
 .data          0x00800061        0x0 userinterface.o
 .data          0x00800061       0x13 spi.o
                0x00800072                WriteLimit
                0x00800062                frame_num
                0x00800061                nextstate
 .data          0x00800074        0x0 Timer2.o
 .data          0x00800074        0x0 d:/winavr-20100110/bin/../lib/gcc/avr/4.3.3/avr5\libgcc.a(_exit.o)
 .data          0x00800074        0x0 d:/winavr-20100110/bin/../lib/gcc/avr/4.3.3/avr5\libgcc.a(_copy_data.o)
 .data          0x00800074        0x0 d:/winavr-20100110/bin/../lib/gcc/avr/4.3.3/avr5\libgcc.a(_clear_bss.o)
 .data          0x00800074        0x0 d:/winavr-20100110/bin/../lib/gcc/avr/4.3.3/../../../../avr/lib/avr5\libc.a(eerd_byte_atmega16.o)
 .data          0x00800074        0x0 d:/winavr-20100110/bin/../lib/gcc/avr/4.3.3/../../../../avr/lib/avr5\libc.a(eewr_byte_atmega16.o)
 *(.data*)
 *(.rodata)
 *(.rodata*)
 *(.gnu.linkonce.d*)
                0x00800074                . = ALIGN (0x2)
                0x00800074                _edata = .
                0x00800074                PROVIDE (__data_end, .)

.bss            0x00800074      0x173
                0x00800074                PROVIDE (__bss_start, .)
 *(.bss)
 .bss           0x00800074        0x0 d:/winavr-20100110/bin/../lib/gcc/avr/4.3.3/../../../../avr/lib/avr5/crtm16.o
 .bss           0x00800074        0x7 linesen.o
                0x00800075                flag
                0x00800078                l_adjust
                0x00800077                h_adjust
                0x00800074                LED
                0x00800076                timeflag
                0x00800079                currentoutput
 .bss           0x0080007b        0x5 userinterface.o
                0x0080007e                speedset
                0x0080007d                rotatedir
                0x0080007b                data
 .bss           0x00800080       0x12 spi.o
                0x0080008f                righttrans
                0x0080008e                mframenum
                0x0080008d                nframenum
                0x00800090                tempsend
                0x00800083                registernum
                0x00800084                data_need
                0x00800082                vertifybit
                0x00800080                receive_data
                0x00800081                datadirect
                0x0080008c                framenum
                0x00800088                data_send
                0x00800091                a
 .bss           0x00800092        0x0 Timer2.o
 .bss           0x00800092        0x0 d:/winavr-20100110/bin/../lib/gcc/avr/4.3.3/avr5\libgcc.a(_exit.o)
 .bss           0x00800092        0x0 d:/winavr-20100110/bin/../lib/gcc/avr/4.3.3/avr5\libgcc.a(_copy_data.o)
 .bss           0x00800092        0x0 d:/winavr-20100110/bin/../lib/gcc/avr/4.3.3/avr5\libgcc.a(_clear_bss.o)
 .bss           0x00800092        0x0 d:/winavr-20100110/bin/../lib/gcc/avr/4.3.3/../../../../avr/lib/avr5\libc.a(eerd_byte_atmega16.o)
 .bss           0x00800092        0x0 d:/winavr-20100110/bin/../lib/gcc/avr/4.3.3/../../../../avr/lib/avr5\libc.a(eewr_byte_atmega16.o)
 *(.bss*)
 *(COMMON)
 COMMON         0x00800092      0x154 linesen.o
                0x00800092                ADC_RESULT
                0x00800094                AD_TEMP
                0x008001b4                times_in_adjust
                0x008001b5                light
                0x008001c5                Threshold_L
                0x008001d5                Threshold_H
                0x008001e5                locate
 COMMON         0x008001e6        0x1 spi.o
                0x008001e6                temp
                0x008001e7                PROVIDE (__bss_end, .)
                0x00000e00                __data_load_start = LOADADDR (.data)
                0x00000e14                __data_load_end = (__data_load_start + SIZEOF (.data))

.noinit         0x008001e7        0x0
                0x008001e7                PROVIDE (__noinit_start, .)
 *(.noinit*)
                0x008001e7                PROVIDE (__noinit_end, .)
                0x008001e7                _end = .
                0x008001e7                PROVIDE (__heap_start, .)

.eeprom         0x00810000        0x0
 *(.eeprom*)
                0x00810000                __eeprom_end = .

.fuse
 *(.fuse)
 *(.lfuse)
 *(.hfuse)
 *(.efuse)

.lock
 *(.lock*)

.signature
 *(.signature*)

.stab
 *(.stab)

.stabstr
 *(.stabstr)

.stab.excl
 *(.stab.excl)

.stab.exclstr
 *(.stab.exclstr)

.stab.index
 *(.stab.index)

.stab.indexstr
 *(.stab.indexstr)

.comment
 *(.comment)

.debug
 *(.debug)

.line
 *(.line)

.debug_srcinfo
 *(.debug_srcinfo)

.debug_sfnames
 *(.debug_sfnames)

.debug_aranges  0x00000000       0x80
 *(.debug_aranges)
 .debug_aranges
                0x00000000       0x20 linesen.o
 .debug_aranges
                0x00000020       0x20 userinterface.o
 .debug_aranges
                0x00000040       0x20 spi.o
 .debug_aranges
                0x00000060       0x20 Timer2.o

.debug_pubnames
                0x00000000      0x339
 *(.debug_pubnames)
 .debug_pubnames
                0x00000000      0x138 linesen.o
 .debug_pubnames
                0x00000138       0x52 userinterface.o
 .debug_pubnames
                0x0000018a      0x17d spi.o
 .debug_pubnames
                0x00000307       0x32 Timer2.o

.debug_info     0x00000000      0x94b
 *(.debug_info)
 .debug_info    0x00000000      0x4cf linesen.o
 .debug_info    0x000004cf      0x16f userinterface.o
 .debug_info    0x0000063e      0x288 spi.o
 .debug_info    0x000008c6       0x85 Timer2.o
 *(.gnu.linkonce.wi.*)

.debug_abbrev   0x00000000      0x373
 *(.debug_abbrev)
 .debug_abbrev  0x00000000      0x1bd linesen.o
 .debug_abbrev  0x000001bd       0xce userinterface.o
 .debug_abbrev  0x0000028b       0x96 spi.o
 .debug_abbrev  0x00000321       0x52 Timer2.o

.debug_line     0x00000000      0xb26
 *(.debug_line)
 .debug_line    0x00000000      0x5c9 linesen.o
 .debug_line    0x000005c9       0xf5 userinterface.o
 .debug_line    0x000006be      0x3cb spi.o
 .debug_line    0x00000a89       0x9d Timer2.o

.debug_frame    0x00000000      0x1c0
 *(.debug_frame)
 .debug_frame   0x00000000       0x90 linesen.o
 .debug_frame   0x00000090       0x30 userinterface.o
 .debug_frame   0x000000c0       0xd0 spi.o
 .debug_frame   0x00000190       0x30 Timer2.o

.debug_str      0x00000000      0x2cb
 *(.debug_str)
 .debug_str     0x00000000      0x174 linesen.o
                                0x1ad (size before relaxing)
 .debug_str     0x00000174       0x55 userinterface.o
                                0x10f (size before relaxing)
 .debug_str     0x000001c9       0xde spi.o
                                0x18d (size before relaxing)
 .debug_str     0x000002a7       0x24 Timer2.o
                                 0xaf (size before relaxing)

.debug_loc      0x00000000      0x1a9
 *(.debug_loc)
 .debug_loc     0x00000000      0x139 linesen.o
 .debug_loc     0x00000139       0x70 userinterface.o

.debug_macinfo
 *(.debug_macinfo)
OUTPUT(linesen.elf elf32-avr)
LOAD linker stubs

.debug_ranges   0x00000000       0x48
 .debug_ranges  0x00000000       0x48 linesen.o
