Archive member included because of file (symbol)

d:/winavr-20100110/bin/../lib/gcc/avr/4.3.3/avr5\libgcc.a(_exit.o)
                              d:/winavr-20100110/bin/../lib/gcc/avr/4.3.3/../../../../avr/lib/avr5/crtm16.o (exit)
d:/winavr-20100110/bin/../lib/gcc/avr/4.3.3/avr5\libgcc.a(_copy_data.o)
                              IRCom.o (__do_copy_data)
d:/winavr-20100110/bin/../lib/gcc/avr/4.3.3/avr5\libgcc.a(_clear_bss.o)
                              IRCom.o (__do_clear_bss)
d:/winavr-20100110/bin/../lib/gcc/avr/4.3.3/../../../../avr/lib/avr5\libc.a(rand.o)
                              IRCom.o (rand)
d:/winavr-20100110/bin/../lib/gcc/avr/4.3.3/avr5\libgcc.a(_mulsi3.o)
                              d:/winavr-20100110/bin/../lib/gcc/avr/4.3.3/../../../../avr/lib/avr5\libc.a(rand.o) (__mulsi3)
d:/winavr-20100110/bin/../lib/gcc/avr/4.3.3/avr5\libgcc.a(_divmodsi4.o)
                              d:/winavr-20100110/bin/../lib/gcc/avr/4.3.3/../../../../avr/lib/avr5\libc.a(rand.o) (__divmodsi4)
d:/winavr-20100110/bin/../lib/gcc/avr/4.3.3/avr5\libgcc.a(_prologue.o)
                              d:/winavr-20100110/bin/../lib/gcc/avr/4.3.3/../../../../avr/lib/avr5\libc.a(rand.o) (__prologue_saves__)
d:/winavr-20100110/bin/../lib/gcc/avr/4.3.3/avr5\libgcc.a(_epilogue.o)
                              d:/winavr-20100110/bin/../lib/gcc/avr/4.3.3/../../../../avr/lib/avr5\libc.a(rand.o) (__epilogue_restores__)
d:/winavr-20100110/bin/../lib/gcc/avr/4.3.3/avr5\libgcc.a(_udivmodsi4.o)
                              d:/winavr-20100110/bin/../lib/gcc/avr/4.3.3/avr5\libgcc.a(_divmodsi4.o) (__udivmodsi4)

Allocating common symbols
Common symbol       size              file

g_recvBitBuffer     0x106             IRCom.o
g_checkedComToSend  0x1               CheckedCom.o
g_checkedComLastReceived
                    0x1               CheckedCom.o

Memory Configuration

Name             Origin             Length             Attributes
text             0x00000000         0x00020000         xr
data             0x00800060         0x0000ffa0         rw !x
eeprom           0x00810000         0x00010000         rw !x
fuse             0x00820000         0x00000400         rw !x
lock             0x00830000         0x00000400         rw !x
signature        0x00840000         0x00000400         rw !x
*default*        0x00000000         0xffffffff

Linker script and memory map

LOAD d:/winavr-20100110/bin/../lib/gcc/avr/4.3.3/../../../../avr/lib/avr5/crtm16.o
LOAD IRCom.o
LOAD CircularBitBuffer.o
LOAD CheckedCom.o
LOAD Buttons.o
LOAD d:/winavr-20100110/bin/../lib/gcc/avr/4.3.3/avr5\libgcc.a
LOAD d:/winavr-20100110/bin/../lib/gcc/avr/4.3.3/../../../../avr/lib/avr5\libc.a
LOAD d:/winavr-20100110/bin/../lib/gcc/avr/4.3.3/avr5\libgcc.a

.hash
 *(.hash)

.dynsym
 *(.dynsym)

.dynstr
 *(.dynstr)

.gnu.version
 *(.gnu.version)

.gnu.version_d
 *(.gnu.version_d)

.gnu.version_r
 *(.gnu.version_r)

.rel.init
 *(.rel.init)

.rela.init
 *(.rela.init)

.rel.text
 *(.rel.text)
 *(.rel.text.*)
 *(.rel.gnu.linkonce.t*)

.rela.text
 *(.rela.text)
 *(.rela.text.*)
 *(.rela.gnu.linkonce.t*)

.rel.fini
 *(.rel.fini)

.rela.fini
 *(.rela.fini)

.rel.rodata
 *(.rel.rodata)
 *(.rel.rodata.*)
 *(.rel.gnu.linkonce.r*)

.rela.rodata
 *(.rela.rodata)
 *(.rela.rodata.*)
 *(.rela.gnu.linkonce.r*)

.rel.data
 *(.rel.data)
 *(.rel.data.*)
 *(.rel.gnu.linkonce.d*)

.rela.data
 *(.rela.data)
 *(.rela.data.*)
 *(.rela.gnu.linkonce.d*)

.rel.ctors
 *(.rel.ctors)

.rela.ctors
 *(.rela.ctors)

.rel.dtors
 *(.rel.dtors)

.rela.dtors
 *(.rela.dtors)

.rel.got
 *(.rel.got)

.rela.got
 *(.rela.got)

.rel.bss
 *(.rel.bss)

.rela.bss
 *(.rela.bss)

.rel.plt
 *(.rel.plt)

.rela.plt
 *(.rela.plt)

.text           0x00000000     0x1104
 *(.vectors)
 .vectors       0x00000000       0x54 d:/winavr-20100110/bin/../lib/gcc/avr/4.3.3/../../../../avr/lib/avr5/crtm16.o
                0x00000000                __vectors
                0x00000000                __vector_default
 *(.vectors)
 *(.progmem.gcc*)
 *(.progmem*)
                0x00000054                . = ALIGN (0x2)
                0x00000054                __trampolines_start = .
 *(.trampolines)
 .trampolines   0x00000054        0x0 linker stubs
 *(.trampolines*)
                0x00000054                __trampolines_end = .
 *(.jumptables)
 *(.jumptables*)
 *(.lowtext)
 *(.lowtext*)
                0x00000054                __ctors_start = .
 *(.ctors)
                0x00000054                __ctors_end = .
                0x00000054                __dtors_start = .
 *(.dtors)
                0x00000054                __dtors_end = .
 SORT(*)(.ctors)
 SORT(*)(.dtors)
 *(.init0)
 .init0         0x00000054        0x0 d:/winavr-20100110/bin/../lib/gcc/avr/4.3.3/../../../../avr/lib/avr5/crtm16.o
                0x00000054                __init
 *(.init0)
 *(.init1)
 *(.init1)
 *(.init2)
 .init2         0x00000054        0xc d:/winavr-20100110/bin/../lib/gcc/avr/4.3.3/../../../../avr/lib/avr5/crtm16.o
 *(.init2)
 *(.init3)
 *(.init3)
 *(.init4)
 .init4         0x00000060       0x16 d:/winavr-20100110/bin/../lib/gcc/avr/4.3.3/avr5\libgcc.a(_copy_data.o)
                0x00000060                __do_copy_data
 .init4         0x00000076       0x10 d:/winavr-20100110/bin/../lib/gcc/avr/4.3.3/avr5\libgcc.a(_clear_bss.o)
                0x00000076                __do_clear_bss
 *(.init4)
 *(.init5)
 *(.init5)
 *(.init6)
 *(.init6)
 *(.init7)
 *(.init7)
 *(.init8)
 *(.init8)
 *(.init9)
 .init9         0x00000086        0x8 d:/winavr-20100110/bin/../lib/gcc/avr/4.3.3/../../../../avr/lib/avr5/crtm16.o
 *(.init9)
 *(.text)
 .text          0x0000008e        0x4 d:/winavr-20100110/bin/../lib/gcc/avr/4.3.3/../../../../avr/lib/avr5/crtm16.o
                0x0000008e                __vector_1
                0x0000008e                __vector_12
                0x0000008e                __bad_interrupt
                0x0000008e                __vector_6
                0x0000008e                __vector_3
                0x0000008e                __vector_11
                0x0000008e                __vector_13
                0x0000008e                __vector_17
                0x0000008e                __vector_19
                0x0000008e                __vector_7
                0x0000008e                __vector_5
                0x0000008e                __vector_4
                0x0000008e                __vector_9
                0x0000008e                __vector_2
                0x0000008e                __vector_15
                0x0000008e                __vector_8
                0x0000008e                __vector_14
                0x0000008e                __vector_10
                0x0000008e                __vector_16
                0x0000008e                __vector_18
                0x0000008e                __vector_20
 .text          0x00000092      0x798 IRCom.o
                0x0000023a                SendLowerHalfByte
                0x00000502                StateProc_SecondTest
                0x00000092                SendSingleLowestBit
                0x0000027e                SendByte
                0x00000488                StateProc_Idle
                0x00000612                StateProc_ThirdTest
                0x000002f4                CheckRecvRedundent
                0x0000014a                WaitIRCarrierCycles
                0x00000750                StateProc_NoiseGen
                0x000002a2                FlushRecv
                0x00000806                main
                0x000002b0                CheckRecv
                0x0000018e                SendBitStreamCh
                0x00000496                StateProc_FirstTest
                0x00000410                StateProc_Init
                0x0000072c                GoToState
                0x000001c0                SendLowestBit
 .text          0x0000082a      0x278 CircularBitBuffer.o
                0x00000930                CircularBitBuffer_PushBit
                0x0000085a                CircularBitBuffer_NumBits
                0x0000087a                CircularBitBuffer_PopBit
                0x0000082a                CircularBitBuffer_Ctor
                0x00000a82                CircularBitBuffer_Clear
 .text          0x00000aa2      0x432 CheckedCom.o
                0x00000d6c                StateProc_CheckedComSending
                0x00000b08                CheckedComTryToStartReceiving
                0x00000aa2                CountBitsDW
                0x00000e60                StateProc_CheckedComReceivingComplete
                0x00000e52                StateProc_CheckedComReceivingReply
                0x00000e44                StateProc_CheckedComWaitingForReply
                0x00000b48                CheckedComStartSending
                0x00000b6a                StateProc_CheckedComIdle
                0x00000e36                StateProc_CheckedComReplying
                0x00000bdc                StateProc_CheckedComReceiving
                0x00000b80                StateProc_CheckedComTestIdle
 .text          0x00000ed4       0x44 Buttons.o
                0x00000ed4                ButtonIsDown
 .text          0x00000f18        0x0 d:/winavr-20100110/bin/../lib/gcc/avr/4.3.3/avr5\libgcc.a(_exit.o)
 .text          0x00000f18        0x0 d:/winavr-20100110/bin/../lib/gcc/avr/4.3.3/avr5\libgcc.a(_copy_data.o)
 .text          0x00000f18        0x0 d:/winavr-20100110/bin/../lib/gcc/avr/4.3.3/avr5\libgcc.a(_clear_bss.o)
 .text          0x00000f18        0x0 d:/winavr-20100110/bin/../lib/gcc/avr/4.3.3/../../../../avr/lib/avr5\libc.a(rand.o)
 .text          0x00000f18        0x0 d:/winavr-20100110/bin/../lib/gcc/avr/4.3.3/avr5\libgcc.a(_mulsi3.o)
 .text          0x00000f18        0x0 d:/winavr-20100110/bin/../lib/gcc/avr/4.3.3/avr5\libgcc.a(_divmodsi4.o)
 .text          0x00000f18        0x0 d:/winavr-20100110/bin/../lib/gcc/avr/4.3.3/avr5\libgcc.a(_prologue.o)
 .text          0x00000f18        0x0 d:/winavr-20100110/bin/../lib/gcc/avr/4.3.3/avr5\libgcc.a(_epilogue.o)
 .text          0x00000f18        0x0 d:/winavr-20100110/bin/../lib/gcc/avr/4.3.3/avr5\libgcc.a(_udivmodsi4.o)
                0x00000f18                . = ALIGN (0x2)
 *(.text.*)
 .text.libgcc   0x00000f18        0x0 d:/winavr-20100110/bin/../lib/gcc/avr/4.3.3/avr5\libgcc.a(_exit.o)
 .text.libgcc   0x00000f18        0x0 d:/winavr-20100110/bin/../lib/gcc/avr/4.3.3/avr5\libgcc.a(_copy_data.o)
 .text.libgcc   0x00000f18        0x0 d:/winavr-20100110/bin/../lib/gcc/avr/4.3.3/avr5\libgcc.a(_clear_bss.o)
 .text.avr-libc
                0x00000f18       0xc2 d:/winavr-20100110/bin/../lib/gcc/avr/4.3.3/../../../../avr/lib/avr5\libc.a(rand.o)
                0x00000fb4                rand_r
                0x00000fba                rand
                0x00000fc4                srand
 .text.libgcc   0x00000fda       0x3e d:/winavr-20100110/bin/../lib/gcc/avr/4.3.3/avr5\libgcc.a(_mulsi3.o)
                0x00000fda                __mulsi3
 .text.libgcc   0x00001018       0x36 d:/winavr-20100110/bin/../lib/gcc/avr/4.3.3/avr5\libgcc.a(_divmodsi4.o)
                0x00001018                __divmodsi4
 .text.libgcc   0x0000104e       0x38 d:/winavr-20100110/bin/../lib/gcc/avr/4.3.3/avr5\libgcc.a(_prologue.o)
                0x0000104e                __prologue_saves__
 .text.libgcc   0x00001086       0x36 d:/winavr-20100110/bin/../lib/gcc/avr/4.3.3/avr5\libgcc.a(_epilogue.o)
                0x00001086                __epilogue_restores__
 .text.libgcc   0x000010bc       0x44 d:/winavr-20100110/bin/../lib/gcc/avr/4.3.3/avr5\libgcc.a(_udivmodsi4.o)
                0x000010bc                __udivmodsi4
                0x00001100                . = ALIGN (0x2)
 *(.fini9)
 .fini9         0x00001100        0x0 d:/winavr-20100110/bin/../lib/gcc/avr/4.3.3/avr5\libgcc.a(_exit.o)
                0x00001100                exit
                0x00001100                _exit
 *(.fini9)
 *(.fini8)
 *(.fini8)
 *(.fini7)
 *(.fini7)
 *(.fini6)
 *(.fini6)
 *(.fini5)
 *(.fini5)
 *(.fini4)
 *(.fini4)
 *(.fini3)
 *(.fini3)
 *(.fini2)
 *(.fini2)
 *(.fini1)
 *(.fini1)
 *(.fini0)
 .fini0         0x00001100        0x4 d:/winavr-20100110/bin/../lib/gcc/avr/4.3.3/avr5\libgcc.a(_exit.o)
 *(.fini0)
                0x00001104                _etext = .

.data           0x00800060       0x4c load address 0x00001104
                0x00800060                PROVIDE (__data_start, .)
 *(.data)
 .data          0x00800060        0x0 d:/winavr-20100110/bin/../lib/gcc/avr/4.3.3/../../../../avr/lib/avr5/crtm16.o
 .data          0x00800060        0x8 IRCom.o
 .data          0x00800068        0x0 CircularBitBuffer.o
 .data          0x00800068       0x40 CheckedCom.o
                0x00800068                g_symbols
 .data          0x008000a8        0x0 Buttons.o
 .data          0x008000a8        0x0 d:/winavr-20100110/bin/../lib/gcc/avr/4.3.3/avr5\libgcc.a(_exit.o)
 .data          0x008000a8        0x0 d:/winavr-20100110/bin/../lib/gcc/avr/4.3.3/avr5\libgcc.a(_copy_data.o)
 .data          0x008000a8        0x0 d:/winavr-20100110/bin/../lib/gcc/avr/4.3.3/avr5\libgcc.a(_clear_bss.o)
 .data          0x008000a8        0x4 d:/winavr-20100110/bin/../lib/gcc/avr/4.3.3/../../../../avr/lib/avr5\libc.a(rand.o)
 .data          0x008000ac        0x0 d:/winavr-20100110/bin/../lib/gcc/avr/4.3.3/avr5\libgcc.a(_mulsi3.o)
 .data          0x008000ac        0x0 d:/winavr-20100110/bin/../lib/gcc/avr/4.3.3/avr5\libgcc.a(_divmodsi4.o)
 .data          0x008000ac        0x0 d:/winavr-20100110/bin/../lib/gcc/avr/4.3.3/avr5\libgcc.a(_prologue.o)
 .data          0x008000ac        0x0 d:/winavr-20100110/bin/../lib/gcc/avr/4.3.3/avr5\libgcc.a(_epilogue.o)
 .data          0x008000ac        0x0 d:/winavr-20100110/bin/../lib/gcc/avr/4.3.3/avr5\libgcc.a(_udivmodsi4.o)
 *(.data*)
 *(.rodata)
 *(.rodata*)
 *(.gnu.linkonce.d*)
                0x008000ac                . = ALIGN (0x2)
                0x008000ac                _edata = .
                0x008000ac                PROVIDE (__data_end, .)

.bss            0x008000ac      0x10e
                0x008000ac                PROVIDE (__bss_start, .)
 *(.bss)
 .bss           0x008000ac        0x0 d:/winavr-20100110/bin/../lib/gcc/avr/4.3.3/../../../../avr/lib/avr5/crtm16.o
 .bss           0x008000ac        0x4 IRCom.o
                0x008000ac                g_currentStateProc
 .bss           0x008000b0        0x0 CircularBitBuffer.o
 .bss           0x008000b0        0x2 CheckedCom.o
 .bss           0x008000b2        0x0 Buttons.o
 .bss           0x008000b2        0x0 d:/winavr-20100110/bin/../lib/gcc/avr/4.3.3/avr5\libgcc.a(_exit.o)
 .bss           0x008000b2        0x0 d:/winavr-20100110/bin/../lib/gcc/avr/4.3.3/avr5\libgcc.a(_copy_data.o)
 .bss           0x008000b2        0x0 d:/winavr-20100110/bin/../lib/gcc/avr/4.3.3/avr5\libgcc.a(_clear_bss.o)
 .bss           0x008000b2        0x0 d:/winavr-20100110/bin/../lib/gcc/avr/4.3.3/../../../../avr/lib/avr5\libc.a(rand.o)
 .bss           0x008000b2        0x0 d:/winavr-20100110/bin/../lib/gcc/avr/4.3.3/avr5\libgcc.a(_mulsi3.o)
 .bss           0x008000b2        0x0 d:/winavr-20100110/bin/../lib/gcc/avr/4.3.3/avr5\libgcc.a(_divmodsi4.o)
 .bss           0x008000b2        0x0 d:/winavr-20100110/bin/../lib/gcc/avr/4.3.3/avr5\libgcc.a(_prologue.o)
 .bss           0x008000b2        0x0 d:/winavr-20100110/bin/../lib/gcc/avr/4.3.3/avr5\libgcc.a(_epilogue.o)
 .bss           0x008000b2        0x0 d:/winavr-20100110/bin/../lib/gcc/avr/4.3.3/avr5\libgcc.a(_udivmodsi4.o)
 *(.bss*)
 *(COMMON)
 COMMON         0x008000b2      0x106 IRCom.o
                0x008000b2                g_recvBitBuffer
 COMMON         0x008001b8        0x2 CheckedCom.o
                0x008001b8                g_checkedComToSend
                0x008001b9                g_checkedComLastReceived
                0x008001ba                PROVIDE (__bss_end, .)
                0x00001104                __data_load_start = LOADADDR (.data)
                0x00001150                __data_load_end = (__data_load_start + SIZEOF (.data))

.noinit         0x008001ba        0x0
                0x008001ba                PROVIDE (__noinit_start, .)
 *(.noinit*)
                0x008001ba                PROVIDE (__noinit_end, .)
                0x008001ba                _end = .
                0x008001ba                PROVIDE (__heap_start, .)

.eeprom         0x00810000        0x0
 *(.eeprom*)
                0x00810000                __eeprom_end = .

.fuse
 *(.fuse)
 *(.lfuse)
 *(.hfuse)
 *(.efuse)

.lock
 *(.lock*)

.signature
 *(.signature*)

.stab
 *(.stab)

.stabstr
 *(.stabstr)

.stab.excl
 *(.stab.excl)

.stab.exclstr
 *(.stab.exclstr)

.stab.index
 *(.stab.index)

.stab.indexstr
 *(.stab.indexstr)

.comment
 *(.comment)

.debug
 *(.debug)

.line
 *(.line)

.debug_srcinfo
 *(.debug_srcinfo)

.debug_sfnames
 *(.debug_sfnames)

.debug_aranges  0x00000000       0x80
 *(.debug_aranges)
 .debug_aranges
                0x00000000       0x20 IRCom.o
 .debug_aranges
                0x00000020       0x20 CircularBitBuffer.o
 .debug_aranges
                0x00000040       0x20 CheckedCom.o
 .debug_aranges
                0x00000060       0x20 Buttons.o

.debug_pubnames
                0x00000000      0x42e
 *(.debug_pubnames)
 .debug_pubnames
                0x00000000      0x186 IRCom.o
 .debug_pubnames
                0x00000186       0xa2 CircularBitBuffer.o
 .debug_pubnames
                0x00000228      0x1cf CheckedCom.o
 .debug_pubnames
                0x000003f7       0x37 Buttons.o

.debug_info     0x00000000      0xa61
 *(.debug_info)
 .debug_info    0x00000000      0x4bd IRCom.o
 .debug_info    0x000004bd      0x185 CircularBitBuffer.o
 .debug_info    0x00000642      0x31d CheckedCom.o
 .debug_info    0x0000095f      0x102 Buttons.o
 *(.gnu.linkonce.wi.*)

.debug_abbrev   0x00000000      0x429
 *(.debug_abbrev)
 .debug_abbrev  0x00000000      0x14a IRCom.o
 .debug_abbrev  0x0000014a       0xeb CircularBitBuffer.o
 .debug_abbrev  0x00000235      0x149 CheckedCom.o
 .debug_abbrev  0x0000037e       0xab Buttons.o

.debug_line     0x00000000      0xad2
 *(.debug_line)
 .debug_line    0x00000000      0x58e IRCom.o
 .debug_line    0x0000058e      0x147 CircularBitBuffer.o
 .debug_line    0x000006d5      0x375 CheckedCom.o
 .debug_line    0x00000a4a       0x88 Buttons.o

.debug_frame    0x00000000      0x260
 *(.debug_frame)
 .debug_frame   0x00000000      0x120 IRCom.o
 .debug_frame   0x00000120       0x60 CircularBitBuffer.o
 .debug_frame   0x00000180       0xc0 CheckedCom.o
 .debug_frame   0x00000240       0x20 Buttons.o

.debug_str      0x00000000      0x444
 *(.debug_str)
 .debug_str     0x00000000      0x1ec IRCom.o
                                0x22f (size before relaxing)
 .debug_str     0x000001ec       0x99 CircularBitBuffer.o
                                 0xfd (size before relaxing)
 .debug_str     0x00000285      0x19e CheckedCom.o
                                0x27c (size before relaxing)
 .debug_str     0x00000423       0x21 Buttons.o
                                 0xf3 (size before relaxing)

.debug_loc
 *(.debug_loc)

.debug_macinfo
 *(.debug_macinfo)
OUTPUT(IRCom.elf elf32-avr)
LOAD linker stubs
